// Jest Snapshot v1, https://goo.gl/fbAQLP

exports[`El footer debe funcionar correctamente El logo se muestra correctamente 1`] = `
<a
  class="header__link--notUnderlined"
  data-testid="footerLogo"
  href="/"
>
  <span
    aria-label="logo de la pÃ¡gina web"
    class="uiLogo__logo"
  >
    <svg
      class="uiLogo__logoIcon uiLogo__logoIcon--footer"
      version="1.1"
      viewBox="32798 1839 45 53.598"
      xmlns="http://www.w3.org/2000/svg"
    >
      <g
        id="shape"
      >
        <g
          class="fills"
        >
          <path
            class="uiLogo__logoIcon uiLogo__logoIcon--footer"
            d="M32819.572,1839.016C32820.318,1839.007,32821.079,1838.981,32821.822,1839.025C32832.019,1839.625,32840.751,1847.626,32842.625,1857.636C32843.863,1864.248,32842.012,1871.414,32837.387,1876.360C32835.487,1878.392,32834.341,1878.856,32834.343,1881.772L32834.345,1884.584C32834.345,1886.148,32834.263,1887.604,32832.443,1888.215L32832.377,1888.236C32831.957,1888.375,32831.390,1888.400,32830.963,1888.285L32830.906,1888.269C32828.714,1887.668,32828.814,1885.930,32828.813,1884.174L32828.812,1881.680C32828.811,1881.243,32828.853,1880.698,32828.725,1880.278C32827.897,1877.566,32824.267,1877.384,32823.411,1880.062C32823.168,1880.821,32823.273,1881.764,32823.273,1882.558L32823.277,1887.654C32823.276,1888.809,32823.482,1890.056,32822.962,1891.126C32822.363,1892.182,32821.216,1892.749,32820.003,1892.563L32819.947,1892.554C32817.906,1892.236,32817.681,1890.620,32817.680,1888.992L32817.679,1876.255C32817.678,1875.918,32817.712,1875.524,32817.616,1875.199C32816.823,1872.507,32813.213,1872.167,32812.372,1874.895L32812.352,1874.960C32811.917,1876.365,32812.772,1877.977,32811.631,1879.286C32810.101,1881.042,32808.196,1880.243,32806.677,1879.073L32805.299,1877.949C32791.627,1865.971,32798.290,1843.402,32815.924,1839.497C32817.126,1839.231,32818.345,1839.092,32819.572,1839.016ZZM32820.144,1853.839C32818.307,1854.000,32816.672,1854.768,32815.484,1856.200C32811.897,1860.525,32815.243,1867.030,32820.941,1866.720C32826.631,1866.328,32829.122,1859.154,32824.643,1855.367L32823.680,1854.684C32822.718,1854.097,32821.294,1853.672,32820.144,1853.839ZZ"
            fill="black"
          />
        </g>
      </g>
    </svg>
    <p
      class="uiLogo__logoName uiLogo__logoName--footer"
    >
      Visual Poetry
    </p>
  </span>
</a>
`;

exports[`El footer debe funcionar correctamente Se deberia mostrar la red social correctamente github 1`] = `
<a
  class="socialMedia__socialIcon socialMedia__socialIcon--footer"
  data-testid="githubLink"
  href="https://github.com/your-github-username"
>
  <svg
    fill="none"
    height="1em"
    stroke="currentColor"
    stroke-linecap="round"
    stroke-linejoin="round"
    stroke-width="2"
    viewBox="0 0 24 24"
    width="1em"
    xmlns="http://www.w3.org/2000/svg"
  >
    <path
      d="M15 22v-4a4.8 4.8 0 0 0-1-3.5c3 0 6-2 6-5.5.08-1.25-.27-2.48-1-3.5.28-1.15.28-2.35 0-3.5 0 0-1 0-3 1.5-2.64-.5-5.36-.5-8 0C6 2 5 2 5 2c-.3 1.15-.3 2.35 0 3.5A5.403 5.403 0 0 0 4 9c0 3.5 3 5.5 6 5.5-.39.49-.68 1.05-.85 1.65-.17.6-.22 1.23-.15 1.85v4"
    />
    <path
      d="M9 18c-4.51 2-5-2-7-2"
    />
  </svg>
</a>
`;

exports[`El footer debe funcionar correctamente Se deberia mostrar la red social correctamente gmail 1`] = `
<a
  class="socialMedia__socialIcon socialMedia__socialIcon--footer"
  data-testid="gmailLink"
  href="mailto:youremail@example.com"
>
  <svg
    fill="currentColor"
    height="1em"
    role="img"
    stroke="currentColor"
    stroke-width="0"
    viewBox="0 0 24 24"
    width="1em"
    xmlns="http://www.w3.org/2000/svg"
  >
    <title />
    <path
      d="M24 5.457v13.909c0 .904-.732 1.636-1.636 1.636h-3.819V11.73L12 16.64l-6.545-4.91v9.273H1.636A1.636 1.636 0 0 1 0 19.366V5.457c0-2.023 2.309-3.178 3.927-1.964L5.455 4.64 12 9.548l6.545-4.91 1.528-1.145C21.69 2.28 24 3.434 24 5.457z"
    />
  </svg>
</a>
`;

exports[`El footer debe funcionar correctamente Se deberia mostrar la red social correctamente linkedin 1`] = `
<a
  class="socialMedia__socialIcon socialMedia__socialIcon--footer"
  data-testid="linkedinLink"
  href="https://www.linkedin.com/in/your-linkedin-profile/"
>
  <svg
    fill="currentColor"
    height="1em"
    stroke="currentColor"
    stroke-width="0"
    viewBox="0 0 448 512"
    width="1em"
    xmlns="http://www.w3.org/2000/svg"
  >
    <path
      d="M100.28 448H7.4V148.9h92.88zM53.79 108.1C24.09 108.1 0 83.5 0 53.8a53.79 53.79 0 0 1 107.58 0c0 29.7-24.1 54.3-53.79 54.3zM447.9 448h-92.68V302.4c0-34.7-.7-79.2-48.29-79.2-48.29 0-55.69 37.7-55.69 76.7V448h-92.78V148.9h89.08v40.8h1.3c12.4-23.5 42.69-48.3 87.88-48.3 94 0 111.28 61.9 111.28 142.3V448z"
    />
  </svg>
</a>
`;
