// Jest Snapshot v1, https://goo.gl/fbAQLP

exports[`La sección frontpage debe funcionar correctamente El boton "Comenzar a crear" bebería ser representado correctamente 1`] = `
<button
  aria-label="Comenzar a crear"
  class="button__frontepage button__withIcon"
  data-testid="frontpageButton"
  name="Comenza a crear"
  title="Comenzar a crear"
  type="button"
>
  <svg
    class="button__frontepageArrowIcon"
    fill="currentColor"
    height="1em"
    stroke="currentColor"
    stroke-width="0"
    viewBox="0 0 16 16"
    width="1em"
    xmlns="http://www.w3.org/2000/svg"
  >
    <path
      d="M16 8A8 8 0 1 1 0 8a8 8 0 0 1 16 0zM8.5 4.5a.5.5 0 0 0-1 0v5.793L5.354 8.146a.5.5 0 1 0-.708.708l3 3a.5.5 0 0 0 .708 0l3-3a.5.5 0 0 0-.708-.708L8.5 10.293V4.5z"
    />
  </svg>
  Comenza a crear
</button>
`;
